running egg_info
writing ../../build/my_robot_localization/my_robot_localization.egg-info/PKG-INFO
writing dependency_links to ../../build/my_robot_localization/my_robot_localization.egg-info/dependency_links.txt
writing requirements to ../../build/my_robot_localization/my_robot_localization.egg-info/requires.txt
writing top-level names to ../../build/my_robot_localization/my_robot_localization.egg-info/top_level.txt
reading manifest file '../../build/my_robot_localization/my_robot_localization.egg-info/SOURCES.txt'
writing manifest file '../../build/my_robot_localization/my_robot_localization.egg-info/SOURCES.txt'
running build
running build_py
running install
running install_lib
running install_data
copying launch/ekf_launch.py -> /home/hoomika_arg/ros2_ws/install/my_robot_localization/share/my_robot_localization/launch
copying urdf/robot.urdf -> /home/hoomika_arg/ros2_ws/install/my_robot_localization/share/my_robot_localization/urdf
copying rviz/ekf_config.rviz -> /home/hoomika_arg/ros2_ws/install/my_robot_localization/share/my_robot_localization/rviz
running install_egg_info
removing '/home/hoomika_arg/ros2_ws/install/my_robot_localization/lib/python3.12/site-packages/my_robot_localization-0.0.0-py3.12.egg-info' (and everything under it)
Copying ../../build/my_robot_localization/my_robot_localization.egg-info to /home/hoomika_arg/ros2_ws/install/my_robot_localization/lib/python3.12/site-packages/my_robot_localization-0.0.0-py3.12.egg-info
running install_scripts
writing list of installed files to '/home/hoomika_arg/ros2_ws/build/my_robot_localization/install.log'
