[1.847s] Invoking command in '/home/hoomika_arg/ros2_ws/src/my_robot_localization': PYTHONPATH=/home/hoomika_arg/ros2_ws/build/my_robot_localization/prefix_override:/usr/lib/python3/dist-packages/colcon_core/task/python/colcon_distutils_commands:/home/hoomika_arg/ros2_ws/install/my_robot_localization/lib/python3.12/site-packages:${PYTHONPATH} /usr/bin/python3 -W ignore:setup.py install is deprecated -W ignore:easy_install command is deprecated setup.py egg_info --egg-base ../../build/my_robot_localization build --build-base /home/hoomika_arg/ros2_ws/build/my_robot_localization/build install --record /home/hoomika_arg/ros2_ws/build/my_robot_localization/install.log --single-version-externally-managed install_data
[2.175s] running egg_info
[2.191s] writing ../../build/my_robot_localization/my_robot_localization.egg-info/PKG-INFO
[2.192s] writing dependency_links to ../../build/my_robot_localization/my_robot_localization.egg-info/dependency_links.txt
[2.192s] writing requirements to ../../build/my_robot_localization/my_robot_localization.egg-info/requires.txt
[2.199s] writing top-level names to ../../build/my_robot_localization/my_robot_localization.egg-info/top_level.txt
[2.229s] reading manifest file '../../build/my_robot_localization/my_robot_localization.egg-info/SOURCES.txt'
[2.231s] writing manifest file '../../build/my_robot_localization/my_robot_localization.egg-info/SOURCES.txt'
[2.232s] running build
[2.232s] running build_py
[2.232s] running install
[2.238s] running install_lib
[2.252s] running install_data
[2.253s] copying config/ekf.yaml -> /home/hoomika_arg/ros2_ws/install/my_robot_localization/share/my_robot_localization/config
[2.253s] running install_egg_info
[2.270s] removing '/home/hoomika_arg/ros2_ws/install/my_robot_localization/lib/python3.12/site-packages/my_robot_localization-0.0.0-py3.12.egg-info' (and everything under it)
[2.270s] Copying ../../build/my_robot_localization/my_robot_localization.egg-info to /home/hoomika_arg/ros2_ws/install/my_robot_localization/lib/python3.12/site-packages/my_robot_localization-0.0.0-py3.12.egg-info
[2.272s] running install_scripts
[2.401s] writing list of installed files to '/home/hoomika_arg/ros2_ws/build/my_robot_localization/install.log'
[2.452s] Invoked command in '/home/hoomika_arg/ros2_ws/src/my_robot_localization' returned '0': PYTHONPATH=/home/hoomika_arg/ros2_ws/build/my_robot_localization/prefix_override:/usr/lib/python3/dist-packages/colcon_core/task/python/colcon_distutils_commands:/home/hoomika_arg/ros2_ws/install/my_robot_localization/lib/python3.12/site-packages:${PYTHONPATH} /usr/bin/python3 -W ignore:setup.py install is deprecated -W ignore:easy_install command is deprecated setup.py egg_info --egg-base ../../build/my_robot_localization build --build-base /home/hoomika_arg/ros2_ws/build/my_robot_localization/build install --record /home/hoomika_arg/ros2_ws/build/my_robot_localization/install.log --single-version-externally-managed install_data
