running egg_info
creating ../../build/my_robot_localization/my_robot_localization.egg-info
writing ../../build/my_robot_localization/my_robot_localization.egg-info/PKG-INFO
writing dependency_links to ../../build/my_robot_localization/my_robot_localization.egg-info/dependency_links.txt
writing requirements to ../../build/my_robot_localization/my_robot_localization.egg-info/requires.txt
writing top-level names to ../../build/my_robot_localization/my_robot_localization.egg-info/top_level.txt
writing manifest file '../../build/my_robot_localization/my_robot_localization.egg-info/SOURCES.txt'
reading manifest file '../../build/my_robot_localization/my_robot_localization.egg-info/SOURCES.txt'
writing manifest file '../../build/my_robot_localization/my_robot_localization.egg-info/SOURCES.txt'
running build
running build_py
creating /home/hoomika_arg/ros2_ws/build/my_robot_localization/build
creating /home/hoomika_arg/ros2_ws/build/my_robot_localization/build/lib
creating /home/hoomika_arg/ros2_ws/build/my_robot_localization/build/lib/my_robot_localization
copying my_robot_localization/__init__.py -> /home/hoomika_arg/ros2_ws/build/my_robot_localization/build/lib/my_robot_localization
running install
running install_lib
creating /home/hoomika_arg/ros2_ws/install/my_robot_localization/lib/python3.12/site-packages/my_robot_localization
copying /home/hoomika_arg/ros2_ws/build/my_robot_localization/build/lib/my_robot_localization/__init__.py -> /home/hoomika_arg/ros2_ws/install/my_robot_localization/lib/python3.12/site-packages/my_robot_localization
byte-compiling /home/hoomika_arg/ros2_ws/install/my_robot_localization/lib/python3.12/site-packages/my_robot_localization/__init__.py to __init__.cpython-312.pyc
running install_data
creating /home/hoomika_arg/ros2_ws/install/my_robot_localization/share/ament_index
creating /home/hoomika_arg/ros2_ws/install/my_robot_localization/share/ament_index/resource_index
creating /home/hoomika_arg/ros2_ws/install/my_robot_localization/share/ament_index/resource_index/packages
copying resource/my_robot_localization -> /home/hoomika_arg/ros2_ws/install/my_robot_localization/share/ament_index/resource_index/packages
copying package.xml -> /home/hoomika_arg/ros2_ws/install/my_robot_localization/share/my_robot_localization
creating /home/hoomika_arg/ros2_ws/install/my_robot_localization/share/my_robot_localization/launch
copying launch/ekf_launch.py -> /home/hoomika_arg/ros2_ws/install/my_robot_localization/share/my_robot_localization/launch
creating /home/hoomika_arg/ros2_ws/install/my_robot_localization/share/my_robot_localization/config
copying config/ekf.yaml -> /home/hoomika_arg/ros2_ws/install/my_robot_localization/share/my_robot_localization/config
creating /home/hoomika_arg/ros2_ws/install/my_robot_localization/share/my_robot_localization/urdf
copying urdf/robot.urdf -> /home/hoomika_arg/ros2_ws/install/my_robot_localization/share/my_robot_localization/urdf
running install_egg_info
Copying ../../build/my_robot_localization/my_robot_localization.egg-info to /home/hoomika_arg/ros2_ws/install/my_robot_localization/lib/python3.12/site-packages/my_robot_localization-0.0.0-py3.12.egg-info
running install_scripts
writing list of installed files to '/home/hoomika_arg/ros2_ws/build/my_robot_localization/install.log'
