[3.506s] Invoking command in '/home/hoomika_arg/ros2_ws/src/my_robot_localization': PYTHONPATH=/home/hoomika_arg/ros2_ws/build/my_robot_localization/prefix_override:/usr/lib/python3/dist-packages/colcon_core/task/python/colcon_distutils_commands:/home/hoomika_arg/ros2_ws/install/my_robot_localization/lib/python3.12/site-packages:${PYTHONPATH} /usr/bin/python3 -W ignore:setup.py install is deprecated -W ignore:easy_install command is deprecated setup.py egg_info --egg-base ../../build/my_robot_localization build --build-base /home/hoomika_arg/ros2_ws/build/my_robot_localization/build install --record /home/hoomika_arg/ros2_ws/build/my_robot_localization/install.log --single-version-externally-managed install_data
[3.890s] running egg_info
[3.916s] writing ../../build/my_robot_localization/my_robot_localization.egg-info/PKG-INFO
[3.916s] writing dependency_links to ../../build/my_robot_localization/my_robot_localization.egg-info/dependency_links.txt
[3.918s] writing requirements to ../../build/my_robot_localization/my_robot_localization.egg-info/requires.txt
[3.918s] writing top-level names to ../../build/my_robot_localization/my_robot_localization.egg-info/top_level.txt
[3.976s] reading manifest file '../../build/my_robot_localization/my_robot_localization.egg-info/SOURCES.txt'
[3.979s] writing manifest file '../../build/my_robot_localization/my_robot_localization.egg-info/SOURCES.txt'
[3.980s] running build
[3.980s] running build_py
[3.981s] running install
[3.992s] running install_lib
[4.024s] running install_data
[4.024s] copying launch/ekf_launch.py -> /home/hoomika_arg/ros2_ws/install/my_robot_localization/share/my_robot_localization/launch
[4.025s] copying rviz/ekf_config.rviz -> /home/hoomika_arg/ros2_ws/install/my_robot_localization/share/my_robot_localization/rviz
[4.025s] running install_egg_info
[4.058s] removing '/home/hoomika_arg/ros2_ws/install/my_robot_localization/lib/python3.12/site-packages/my_robot_localization-0.0.0-py3.12.egg-info' (and everything under it)
[4.063s] Copying ../../build/my_robot_localization/my_robot_localization.egg-info to /home/hoomika_arg/ros2_ws/install/my_robot_localization/lib/python3.12/site-packages/my_robot_localization-0.0.0-py3.12.egg-info
[4.069s] running install_scripts
[4.244s] writing list of installed files to '/home/hoomika_arg/ros2_ws/build/my_robot_localization/install.log'
[4.313s] Invoked command in '/home/hoomika_arg/ros2_ws/src/my_robot_localization' returned '0': PYTHONPATH=/home/hoomika_arg/ros2_ws/build/my_robot_localization/prefix_override:/usr/lib/python3/dist-packages/colcon_core/task/python/colcon_distutils_commands:/home/hoomika_arg/ros2_ws/install/my_robot_localization/lib/python3.12/site-packages:${PYTHONPATH} /usr/bin/python3 -W ignore:setup.py install is deprecated -W ignore:easy_install command is deprecated setup.py egg_info --egg-base ../../build/my_robot_localization build --build-base /home/hoomika_arg/ros2_ws/build/my_robot_localization/build install --record /home/hoomika_arg/ros2_ws/build/my_robot_localization/install.log --single-version-externally-managed install_data
